/usr/local/lib/python3.12/dist-packages/torch/cuda/__init__.py:65: FutureWarning: The pynvml package is deprecated. Please install nvidia-ml-py instead. If you did not install pynvml directly, please report this to the maintainers of the package that installed pynvml for you.
  import pynvml  # type: ignore[import]
{"source": "/mnt/c/Users/PC/flashattn-cuda-main/docs/serving/prefill_dense_2026-09-21/attention_forward_dense.cu", "sha256": "8126e61f7c96f4d4b2162598207fdcea44524d0a890340915fbaff4d112db0bf", "so": "/root/.cache/torch_extensions/py312_cu128/prefill_layout_8126e61f7c96/prefill_layout_8126e61f7c96.so", "so_sha256": "cead2181ad3db60f2a75f196768956f188743e6e29f983890e67bca1e8544505", "flags": ["-O3", "--use_fast_math", "-gencode=arch=compute_89,code=sm_89"]}
{"source": "/mnt/c/Users/PC/flashattn-cuda-main/docs/serving/prefill_dense_2026-09-21/attention_forward_before.cu", "sha256": "17e49362ed66ff1853e2cbd2356bbf8e776c63e06a1ef68c5db238f2158d7b19", "so": "/root/.cache/torch_extensions/py312_cu128/prefill_layout_17e49362ed66/prefill_layout_17e49362ed66.so", "so_sha256": "cfd9e9eb63124d2eb6676ab0eed0e7d231b738329ada9feab9372b6c72309819", "flags": ["-O3", "--use_fast_math", "-gencode=arch=compute_89,code=sm_89"]}
(1, 32, 8, 2048, 64, False) forward: {'candidate': 1.002}
(1, 32, 8, 2048, 64, False) forward_only: {'candidate': 0.9998}
(1, 8, 8, 4096, 64, False) forward: {'candidate': 1.0006}
(1, 8, 8, 4096, 64, False) forward_only: {'candidate': 1.0006}
(2, 12, 4, 1536, 64, False) forward: {'candidate': 1.0005}
(2, 12, 4, 1536, 64, False) forward_only: {'candidate': 0.9994}
(1, 32, 8, 1024, 64, False) forward: {'candidate': 1.0003}
(1, 32, 8, 1024, 64, False) forward_only: {'candidate': 1.0003}
(2, 16, 8, 1536, 128, False) forward: {'candidate': 0.9988}
(2, 16, 8, 1536, 128, False) forward_only: {'candidate': 1.0007}
(1, 8, 8, 4096, 128, False) forward: {'candidate': 0.9999}
(1, 8, 8, 4096, 128, False) forward_only: {'candidate': 1.0005}
(1, 28, 4, 3008, 128, False) forward: {'candidate': 1.0003}
(1, 28, 4, 3008, 128, False) forward_only: {'candidate': 1.0004}
(1, 28, 4, 3000, 128, False) forward: {'candidate': 1.0011}
(1, 28, 4, 3000, 128, False) forward_only: {'candidate': 1.0002}
(1, 32, 8, 1000, 64, True) forward: {'candidate': 0.9983}
(1, 32, 8, 1000, 64, True) forward_only: {'candidate': 0.9962}
(1, 28, 4, 3000, 128, True) forward: {'candidate': 0.9994}
(1, 28, 4, 3000, 128, True) forward_only: {'candidate': 1.0011}
(1, 8, 8, 4096, 64, True) forward: {'candidate': 1.0011}
(1, 8, 8, 4096, 64, True) forward_only: {'candidate': 1.0007}
(1, 28, 4, 3008, 128, True) forward: {'candidate': 1.001}
(1, 28, 4, 3008, 128, True) forward_only: {'candidate': 0.9993}
DONE
